88
14 18 28 29 35 42 45 69 91 96 122 124 127 141 147 156 171 186 227 260 291 299 311 318 340 354 380 383 413 416 466 471 474 496 509 520 530 536 554 558 560 561 570 574 583 593 637 646 663 666 687 690 700 708 711 712 716 717 737 743 756 768 798 801 803 822 829 830 833 836 838 841 845 863 864 867 874 876 901 904 907 910 914 916 936 938 953 956 