96
43 76 117 144 183 219 235 247 278 294 316 348 353 377 415 449 458 464 479 504 511 514 517 527 533 540 541 542 586 621 646 647 649 656 659 663 676 681 699 707 752 756 766 770 780 787 793 797 807 811 816 828 831 845 848 851 852 865 870 881 886 895 898 929 930 933 935 939 941 968 973 975 992 1002 1007 1028 1041 1045 1066 1098 1099 1102 1110 1118 1132 1136 1142 1147 1168 1194 1197 1202 1205 1215 1223 1228 