129
34 49 54 83 89 91 95 98 103 106 131 154 158 191 192 193 200 229 233 239 256 275 282 297 316 318 323 324 329 333 334 344 357 368 381 383 388 397 402 403 412 419 441 460 499 509 515 543 554 563 564 663 684 687 713 748 759 777 800 804 839 855 867 880 887 894 912 938 946 988 1008 1018 1025 1042 1051 1065 1075 1136 1140 1154 1160 1174 1186 1189 1221 1227 1234 1274 1303 1329 1367 1394 1402 1412 1429 1447 1457 1462 1490 1502 1503 1524 1527 1542 1597 1609 1646 1649 1666 1694 1709 1741 1746 1766 1768 1798 1833 1837 1842 1849 1851 1877 1886 1888 1920 1934 1942 1950 1957 