192
73 89 93 111 112 138 149 186 195 203 210 268 360 388 397 507 510 512 543 586 629 710 739 754 780 783 811 835 878 886 911 921 928 950 958 964 965 971 990 1003 1025 1038 1043 1056 1062 1095 1107 1175 1199 1232 1245 1369 1376 1378 1409 1547 1554 1585 1601 1646 1662 1719 1726 1740 1767 1847 1903 1927 1996 2025 2033 2116 2148 2188 2232 2249 2261 2263 2282 2299 2308 2314 2317 2333 2390 2449 2502 2506 2520 2577 2578 2580 2613 2655 2661 2662 2718 2723 2747 2809 2813 2830 2889 2902 2972 2978 2993 3049 3070 3127 3134 3140 3141 3150 3154 3184 3219 3226 3277 3319 3379 3398 3408 3413 3415 3426 3433 3438 3448 3470 3474 3507 3513 3533 3559 3596 3614 3628 3660 3666 3699 3701 3742 3761 3850 3858 3876 3878 3923 3949 3999 4056 4058 4130 4208 4218 4224 4260 4276 4303 4320 4329 4331 4342 4356 4369 4371 4373 4402 4467 4496 4501 4504 4559 4638 4644 4712 4714 4734 4755 4804 4819 4846 4847 4858 4892 4928 4939 4946 4947 4968 4972 