18
2 7 9 12 15 18 20 22 24 27 29 36 38 41 42 46 47 49 