32
6 9 12 14 16 17 21 25 27 29 35 36 37 38 40 42 43 48 51 57 64 68 71 72 78 82 88 90 91 92 95 98 