29
9 10 11 12 13 15 17 21 29 34 38 44 49 56 58 59 73 78 81 82 87 88 93 96 99 104 109 110 113 