40
16 17 18 20 21 29 31 32 36 52 55 58 67 70 75 76 84 86 90 105 109 114 115 120 122 124 125 127 128 142 149 154 162 167 173 175 181 186 190 197 