34
7 21 30 33 34 35 36 42 44 47 64 70 78 84 91 92 94 95 99 102 104 115 127 128 129 131 134 136 144 152 158 170 171 195 