84
33 42 44 60 61 62 75 76 87 89 116 130 132 138 139 151 153 160 178 183 194 199 208 210 211 218 229 236 238 241 248 249 251 256 258 270 287 288 291 300 303 307 309 326 333 337 338 343 344 345 348 349 356 361 372 373 385 402 404 416 419 422 430 431 434 437 439 440 441 445 450 453 454 458 461 467 470 475 476 480 485 487 490 493 