59
1 8 22 41 46 49 52 56 58 60 63 68 69 72 78 90 98 104 106 113 120 123 141 142 167 178 182 192 193 195 197 200 201 215 225 229 231 232 239 244 249 257 261 267 287 292 306 329 342 352 373 377 391 408 412 429 444 456 469 