142
11 101
30 34
29 35
28 36
27 37
26 38
25 39
24 40
23 41
28 33
27 34
26 35
30 30
29 31
28 32
27 33
26 34
25 35
27 32
26 33
25 34
28 30
27 31
26 32
25 33
24 34
23 35
24 33
23 34
22 35
27 28
26 29
25 30
24 31
23 32
22 33
21 34
25 28
24 29
23 30
22 31
24 28
23 29
20 33
17 38
24 26
23 27
22 28
21 29
24 25
23 26
22 27
21 28
20 29
19 30
18 31
17 32
22 24
21 25
20 26
19 27
18 28
17 29
15 32
21 22
20 23
19 24
18 25
17 26
16 27
20 21
19 22
18 23
17 24
16 25
15 26
18 21
17 22
16 23
18 20
17 21
16 22
15 23
16 21
10 33
17 18
16 19
15 20
14 21
11 26
15 18
14 19
13 20
14 18
13 19
15 16
14 17
13 18
12 19
11 20
14 15
13 16
12 17
11 18
10 19
9 20
12 14
11 15
10 16
9 17
12 12
11 13
10 14
9 15
8 16
7 17
9 12
8 13
7 14
6 15
8 10
7 11
8 9
7 10
6 11
6 10
5 11
6 8
5 9
5 8
4 9
5 6
4 7
4 6
3 7
4 4
3 5
3 4
2 5
2 3
2 2
1 3
